Command line invocation:
    /Applications/Xcode.app/Contents/Developer/usr/bin/xcodebuild test -project Rube-ios.xcodeproj -scheme Rube-ios -destination "platform=iOS Simulator,name=iPhone 16e"

Resolve Package Graph


Resolved source packages:
  swift-log: https://github.com/apple/swift-log.git @ 1.8.0
  Appwrite: https://github.com/appwrite/sdk-for-apple @ 13.5.0
  swift-algorithms: https://github.com/apple/swift-algorithms.git @ 1.2.1
  swift-nio-http2: https://github.com/apple/swift-nio-http2.git @ 1.39.0
  swift-nio-ssl: https://github.com/apple/swift-nio-ssl.git @ 2.36.0
  swift-nio-extras: https://github.com/apple/swift-nio-extras.git @ 1.31.3
  swift-http-structured-headers: https://github.com/apple/swift-http-structured-headers.git @ 1.6.0
  swift-nio: https://github.com/apple/swift-nio.git @ 2.92.2
  swift-nio-transport-services: https://github.com/apple/swift-nio-transport-services.git @ 1.26.0
  swift-service-context: https://github.com/apple/swift-service-context.git @ 1.2.1
  swift-snapshot-testing: https://github.com/pointfreeco/swift-snapshot-testing @ 1.18.7
  swift-certificates: https://github.com/apple/swift-certificates.git @ 1.17.1
  swift-async-algorithms: https://github.com/apple/swift-async-algorithms.git @ 1.1.1
  swift-http-types: https://github.com/apple/swift-http-types.git @ 1.5.1
  xctest-dynamic-overlay: https://github.com/pointfreeco/xctest-dynamic-overlay @ 1.8.1
  swift-custom-dump: https://github.com/pointfreeco/swift-custom-dump @ 1.3.4
  swift-service-lifecycle: https://github.com/swift-server/swift-service-lifecycle.git @ 2.9.1
  swift-crypto: https://github.com/apple/swift-crypto.git @ 4.2.0
  swift-collections: https://github.com/apple/swift-collections.git @ 1.3.0
  Composio: /Users/roshansharma/Desktop/Vscode/Rube-ios-backup-2026-01-17/composio-swifft-local
  swift-numerics: https://github.com/apple/swift-numerics.git @ 1.1.1
  swift-syntax: https://github.com/swiftlang/swift-syntax @ 602.0.0
  swift-asn1: https://github.com/apple/swift-asn1.git @ 1.5.1
  swift-distributed-tracing: https://github.com/apple/swift-distributed-tracing.git @ 1.3.1
  swift-system: https://github.com/apple/swift-system.git @ 1.6.4
  SwiftOpenAI: https://github.com/jamesrochabrun/SwiftOpenAI @ 4.4.8
  async-http-client: https://github.com/swift-server/async-http-client.git @ 1.30.3
  swift-atomics: https://github.com/apple/swift-atomics.git @ 1.3.0

ComputePackagePrebuildTargetDependencyGraph

Prepare packages

CreateBuildRequest

SendProjectDescription

CreateBuildOperation

ComputeTargetDependencyGraph
note: Building targets in dependency order
note: Target dependency graph (85 targets)
    Target 'Rube-iosTests' in project 'Rube-ios'
        ➜ Explicit dependency on target 'Rube-ios' in project 'Rube-ios'
    Target 'Rube-ios' in project 'Rube-ios'
        ➜ Explicit dependency on target 'Appwrite' in project 'Appwrite'
        ➜ Explicit dependency on target 'ServiceLifecycle' in project 'swift-service-lifecycle'
        ➜ Explicit dependency on target 'AsyncAlgorithms' in project 'swift-async-algorithms'
        ➜ Explicit dependency on target 'SwiftOpenAI' in project 'SwiftOpenAI'
        ➜ Explicit dependency on target 'Composio' in project 'Composio'
    Target 'Composio' in project 'Composio'
        ➜ Explicit dependency on target 'Composio' in project 'Composio'
        ➜ Explicit dependency on target 'Composio_Composio' in project 'Composio'
    Target 'Composio' in project 'Composio'
        ➜ Explicit dependency on target 'Composio_Composio' in project 'Composio'
    Target 'Composio_Composio' in project 'Composio' (no dependencies)
    Target 'SwiftOpenAI' in project 'SwiftOpenAI'
        ➜ Explicit dependency on target 'SwiftOpenAI' in project 'SwiftOpenAI'
    Target 'SwiftOpenAI' in project 'SwiftOpenAI' (no dependencies)
    Target 'ServiceLifecycle' in project 'swift-service-lifecycle'
        ➜ Explicit dependency on target 'ServiceLifecycle' in project 'swift-service-lifecycle'
        ➜ Explicit dependency on target 'ConcurrencyHelpers' in project 'swift-service-lifecycle'
        ➜ Explicit dependency on target 'UnixSignals' in project 'swift-service-lifecycle'
        ➜ Explicit dependency on target 'Logging' in project 'swift-log'
        ➜ Explicit dependency on target 'AsyncAlgorithms' in project 'swift-async-algorithms'
    Target 'ServiceLifecycle' in project 'swift-service-lifecycle'
        ➜ Explicit dependency on target 'ConcurrencyHelpers' in project 'swift-service-lifecycle'
        ➜ Explicit dependency on target 'UnixSignals' in project 'swift-service-lifecycle'
        ➜ Explicit dependency on target 'Logging' in project 'swift-log'
        ➜ Explicit dependency on target 'AsyncAlgorithms' in project 'swift-async-algorithms'
    Target 'AsyncAlgorithms' in project 'swift-async-algorithms'
        ➜ Explicit dependency on target 'AsyncAlgorithms' in project 'swift-async-algorithms'
        ➜ Explicit dependency on target 'OrderedCollections' in project 'swift-collections'
        ➜ Explicit dependency on target 'DequeModule' in project 'swift-collections'
    Target 'AsyncAlgorithms' in project 'swift-async-algorithms'
        ➜ Explicit dependency on target 'OrderedCollections' in project 'swift-collections'
        ➜ Explicit dependency on target 'DequeModule' in project 'swift-collections'
    Target 'OrderedCollections' in project 'swift-collections'
        ➜ Explicit dependency on target 'OrderedCollections' in project 'swift-collections'
        ➜ Explicit dependency on target 'InternalCollectionsUtilities' in project 'swift-collections'
    Target 'OrderedCollections' in project 'swift-collections'
        ➜ Explicit dependency on target 'InternalCollectionsUtilities' in project 'swift-collections'
    Target 'UnixSignals' in project 'swift-service-lifecycle'
        ➜ Explicit dependency on target 'ConcurrencyHelpers' in project 'swift-service-lifecycle'
    Target 'ConcurrencyHelpers' in project 'swift-service-lifecycle' (no dependencies)
    Target 'Appwrite' in project 'Appwrite'
        ➜ Explicit dependency on target 'Appwrite' in project 'Appwrite'
        ➜ Explicit dependency on target 'AppwriteEnums' in project 'Appwrite'
        ➜ Explicit dependency on target 'AppwriteModels' in project 'Appwrite'
        ➜ Explicit dependency on target 'JSONCodable' in project 'Appwrite'
        ➜ Explicit dependency on target 'AsyncHTTPClient' in project 'async-http-client'
        ➜ Explicit dependency on target 'NIOWebSocket' in project 'swift-nio'
    Target 'Appwrite' in project 'Appwrite'
        ➜ Explicit dependency on target 'AppwriteEnums' in project 'Appwrite'
        ➜ Explicit dependency on target 'JSONCodable' in project 'Appwrite'
        ➜ Explicit dependency on target 'AppwriteModels' in project 'Appwrite'
        ➜ Explicit dependency on target 'AsyncHTTPClient' in project 'async-http-client'
        ➜ Explicit dependency on target 'NIOWebSocket' in project 'swift-nio'
    Target 'NIOWebSocket' in project 'swift-nio'
        ➜ Explicit dependency on target 'NIOWebSocket' in project 'swift-nio'
        ➜ Explicit dependency on target 'CNIOAtomics' in project 'swift-nio'
        ➜ Explicit dependency on target 'NIOConcurrencyHelpers' in project 'swift-nio'
        ➜ Explicit dependency on target '_NIOBase64' in project 'swift-nio'
        ➜ Explicit dependency on target 'CNIOOpenBSD' in project 'swift-nio'
        ➜ Explicit dependency on target 'CNIODarwin' in project 'swift-nio'
        ➜ Explicit dependency on target 'CNIOLinux' in project 'swift-nio'
        ➜ Explicit dependency on target 'CNIOWindows' in project 'swift-nio'
        ➜ Explicit dependency on target 'CNIOWASI' in project 'swift-nio'
        ➜ Explicit dependency on target '_NIODataStructures' in project 'swift-nio'
        ➜ Explicit dependency on target 'NIOCore' in project 'swift-nio'
        ➜ Explicit dependency on target 'NIOEmbedded' in project 'swift-nio'
        ➜ Explicit dependency on target 'CNIOPosix' in project 'swift-nio'
        ➜ Explicit dependency on target 'NIOPosix' in project 'swift-nio'
        ➜ Explicit dependency on target 'NIO' in project 'swift-nio'
        ➜ Explicit dependency on target 'CNIOLLHTTP' in project 'swift-nio'
        ➜ Explicit dependency on target 'NIOHTTP1' in project 'swift-nio'
        ➜ Explicit dependency on target 'CNIOSHA1' in project 'swift-nio'
        ➜ Explicit dependency on target 'DequeModule' in project 'swift-collections'
        ➜ Explicit dependency on target 'Atomics' in project 'swift-atomics'
    Target 'NIOWebSocket' in project 'swift-nio'
        ➜ Explicit dependency on target 'CNIOAtomics' in project 'swift-nio'
        ➜ Explicit dependency on target 'NIOConcurrencyHelpers' in project 'swift-nio'
        ➜ Explicit dependency on target '_NIOBase64' in project 'swift-nio'
        ➜ Explicit dependency on target 'CNIOOpenBSD' in project 'swift-nio'
        ➜ Explicit dependency on target 'CNIODarwin' in project 'swift-nio'
        ➜ Explicit dependency on target 'CNIOLinux' in project 'swift-nio'
        ➜ Explicit dependency on target 'CNIOWindows' in project 'swift-nio'
        ➜ Explicit dependency on target 'CNIOWASI' in project 'swift-nio'
        ➜ Explicit dependency on target '_NIODataStructures' in project 'swift-nio'
        ➜ Explicit dependency on target 'NIOCore' in project 'swift-nio'
        ➜ Explicit dependency on target 'NIOEmbedded' in project 'swift-nio'
        ➜ Explicit dependency on target 'CNIOPosix' in project 'swift-nio'
        ➜ Explicit dependency on target 'NIOPosix' in project 'swift-nio'
        ➜ Explicit dependency on target 'NIO' in project 'swift-nio'
        ➜ Explicit dependency on target 'CNIOLLHTTP' in project 'swift-nio'
        ➜ Explicit dependency on target 'NIOHTTP1' in project 'swift-nio'
        ➜ Explicit dependency on target 'CNIOSHA1' in project 'swift-nio'
        ➜ Explicit dependency on target 'DequeModule' in project 'swift-collections'
        ➜ Explicit dependency on target 'Atomics' in project 'swift-atomics'
    Target 'CNIOSHA1' in project 'swift-nio' (no dependencies)
    Target 'AsyncHTTPClient' in project 'async-http-client'
        ➜ Explicit dependency on target 'AsyncHTTPClient' in project 'async-http-client'
        ➜ Explicit dependency on target 'CAsyncHTTPClient' in project 'async-http-client'
        ➜ Explicit dependency on target 'NIO' in project 'swift-nio'
        ➜ Explicit dependency on target 'NIOTLS' in project 'swift-nio'
        ➜ Explicit dependency on target 'NIOCore' in project 'swift-nio'
        ➜ Explicit dependency on target 'NIOPosix' in project 'swift-nio'
        ➜ Explicit dependency on target 'NIOHTTP1' in project 'swift-nio'
        ➜ Explicit dependency on target 'NIOConcurrencyHelpers' in project 'swift-nio'
        ➜ Explicit dependency on target 'NIOHTTP2' in project 'swift-nio-http2'
        ➜ Explicit dependency on target 'NIOSSL' in project 'swift-nio-ssl'
        ➜ Explicit dependency on target 'NIOHTTPCompression' in project 'swift-nio-extras'
        ➜ Explicit dependency on target 'NIOSOCKS' in project 'swift-nio-extras'
        ➜ Explicit dependency on target 'NIOTransportServices' in project 'swift-nio-transport-services'
        ➜ Explicit dependency on target 'Atomics' in project 'swift-atomics'
        ➜ Explicit dependency on target 'Algorithms' in project 'swift-algorithms'
        ➜ Explicit dependency on target 'Logging' in project 'swift-log'
        ➜ Explicit dependency on target 'Tracing' in project 'swift-distributed-tracing'
    Target 'AsyncHTTPClient' in project 'async-http-client'
        ➜ Explicit dependency on target 'CAsyncHTTPClient' in project 'async-http-client'
        ➜ Explicit dependency on target 'NIO' in project 'swift-nio'
        ➜ Explicit dependency on target 'NIOTLS' in project 'swift-nio'
        ➜ Explicit dependency on target 'NIOCore' in project 'swift-nio'
        ➜ Explicit dependency on target 'NIOPosix' in project 'swift-nio'
        ➜ Explicit dependency on target 'NIOHTTP1' in project 'swift-nio'
        ➜ Explicit dependency on target 'NIOConcurrencyHelpers' in project 'swift-nio'
        ➜ Explicit dependency on target 'NIOHTTP2' in project 'swift-nio-http2'
        ➜ Explicit dependency on target 'NIOSSL' in project 'swift-nio-ssl'
        ➜ Explicit dependency on target 'NIOHTTPCompression' in project 'swift-nio-extras'
        ➜ Explicit dependency on target 'NIOSOCKS' in project 'swift-nio-extras'
        ➜ Explicit dependency on target 'NIOTransportServices' in project 'swift-nio-transport-services'
        ➜ Explicit dependency on target 'Atomics' in project 'swift-atomics'
        ➜ Explicit dependency on target 'Algorithms' in project 'swift-algorithms'
        ➜ Explicit dependency on target 'Logging' in project 'swift-log'
        ➜ Explicit dependency on target 'Tracing' in project 'swift-distributed-tracing'
    Target 'Tracing' in project 'swift-distributed-tracing'
        ➜ Explicit dependency on target 'Tracing' in project 'swift-distributed-tracing'
        ➜ Explicit dependency on target 'Instrumentation' in project 'swift-distributed-tracing'
        ➜ Explicit dependency on target 'ServiceContextModule' in project 'swift-service-context'
    Target 'Tracing' in project 'swift-distributed-tracing'
        ➜ Explicit dependency on target 'Instrumentation' in project 'swift-distributed-tracing'
        ➜ Explicit dependency on target 'ServiceContextModule' in project 'swift-service-context'
    Target 'Instrumentation' in project 'swift-distributed-tracing'
        ➜ Explicit dependency on target 'ServiceContextModule' in project 'swift-service-context'
    Target 'ServiceContextModule' in project 'swift-service-context'
        ➜ Explicit dependency on target 'ServiceContextModule' in project 'swift-service-context'
    Target 'ServiceContextModule' in project 'swift-service-context' (no dependencies)
    Target 'Logging' in project 'swift-log'
        ➜ Explicit dependency on target 'Logging' in project 'swift-log'
    Target 'Logging' in project 'swift-log' (no dependencies)
    Target 'Algorithms' in project 'swift-algorithms'
        ➜ Explicit dependency on target 'Algorithms' in project 'swift-algorithms'
        ➜ Explicit dependency on target 'RealModule' in project 'swift-numerics'
    Target 'Algorithms' in project 'swift-algorithms'
        ➜ Explicit dependency on target 'RealModule' in project 'swift-numerics'
    Target 'RealModule' in project 'swift-numerics'
        ➜ Explicit dependency on target 'RealModule' in project 'swift-numerics'
        ➜ Explicit dependency on target '_NumericsShims' in project 'swift-numerics'
    Target 'RealModule' in project 'swift-numerics'
        ➜ Explicit dependency on target '_NumericsShims' in project 'swift-numerics'
    Target '_NumericsShims' in project 'swift-numerics' (no dependencies)
    Target 'NIOTransportServices' in project 'swift-nio-transport-services'
        ➜ Explicit dependency on target 'NIOTransportServices' in project 'swift-nio-transport-services'
        ➜ Explicit dependency on target 'NIO' in project 'swift-nio'
        ➜ Explicit dependency on target 'NIOCore' in project 'swift-nio'
        ➜ Explicit dependency on target 'NIOFoundationCompat' in project 'swift-nio'
        ➜ Explicit dependency on target 'NIOTLS' in project 'swift-nio'
        ➜ Explicit dependency on target 'Atomics' in project 'swift-atomics'
    Target 'NIOTransportServices' in project 'swift-nio-transport-services'
        ➜ Explicit dependency on target 'NIO' in project 'swift-nio'
        ➜ Explicit dependency on target 'NIOCore' in project 'swift-nio'
        ➜ Explicit dependency on target 'NIOFoundationCompat' in project 'swift-nio'
        ➜ Explicit dependency on target 'NIOTLS' in project 'swift-nio'
        ➜ Explicit dependency on target 'Atomics' in project 'swift-atomics'
    Target 'NIOFoundationCompat' in project 'swift-nio'
        ➜ Explicit dependency on target 'NIOFoundationCompat' in project 'swift-nio'
        ➜ Explicit dependency on target 'CNIOAtomics' in project 'swift-nio'
        ➜ Explicit dependency on target 'NIOConcurrencyHelpers' in project 'swift-nio'
        ➜ Explicit dependency on target '_NIOBase64' in project 'swift-nio'
        ➜ Explicit dependency on target 'CNIOOpenBSD' in project 'swift-nio'
        ➜ Explicit dependency on target 'CNIODarwin' in project 'swift-nio'
        ➜ Explicit dependency on target 'CNIOLinux' in project 'swift-nio'
        ➜ Explicit dependency on target 'CNIOWindows' in project 'swift-nio'
        ➜ Explicit dependency on target 'CNIOWASI' in project 'swift-nio'
        ➜ Explicit dependency on target '_NIODataStructures' in project 'swift-nio'
        ➜ Explicit dependency on target 'NIOCore' in project 'swift-nio'
        ➜ Explicit dependency on target 'NIOEmbedded' in project 'swift-nio'
        ➜ Explicit dependency on target 'CNIOPosix' in project 'swift-nio'
        ➜ Explicit dependency on target 'NIOPosix' in project 'swift-nio'
        ➜ Explicit dependency on target 'NIO' in project 'swift-nio'
        ➜ Explicit dependency on target 'DequeModule' in project 'swift-collections'
        ➜ Explicit dependency on target 'Atomics' in project 'swift-atomics'
    Target 'NIOFoundationCompat' in project 'swift-nio'
        ➜ Explicit dependency on target 'CNIOAtomics' in project 'swift-nio'
        ➜ Explicit dependency on target 'NIOConcurrencyHelpers' in project 'swift-nio'
        ➜ Explicit dependency on target '_NIOBase64' in project 'swift-nio'
        ➜ Explicit dependency on target 'CNIOOpenBSD' in project 'swift-nio'
        ➜ Explicit dependency on target 'CNIODarwin' in project 'swift-nio'
        ➜ Explicit dependency on target 'CNIOLinux' in project 'swift-nio'
        ➜ Explicit dependency on target 'CNIOWindows' in project 'swift-nio'
        ➜ Explicit dependency on target 'CNIOWASI' in project 'swift-nio'
        ➜ Explicit dependency on target '_NIODataStructures' in project 'swift-nio'
        ➜ Explicit dependency on target 'NIOCore' in project 'swift-nio'
        ➜ Explicit dependency on target 'NIOEmbedded' in project 'swift-nio'
        ➜ Explicit dependency on target 'CNIOPosix' in project 'swift-nio'
        ➜ Explicit dependency on target 'NIOPosix' in project 'swift-nio'
        ➜ Explicit dependency on target 'NIO' in project 'swift-nio'
        ➜ Explicit dependency on target 'DequeModule' in project 'swift-collections'
        ➜ Explicit dependency on target 'Atomics' in project 'swift-atomics'
    Target 'NIOSOCKS' in project 'swift-nio-extras'
        ➜ Explicit dependency on target 'NIOSOCKS' in project 'swift-nio-extras'
        ➜ Explicit dependency on target 'NIO' in project 'swift-nio'
        ➜ Explicit dependency on target 'NIOCore' in project 'swift-nio'
    Target 'NIOSOCKS' in project 'swift-nio-extras'
        ➜ Explicit dependency on target 'NIO' in project 'swift-nio'
        ➜ Explicit dependency on target 'NIOCore' in project 'swift-nio'
    Target 'NIOHTTPCompression' in project 'swift-nio-extras'
        ➜ Explicit dependency on target 'NIOHTTPCompression' in project 'swift-nio-extras'
        ➜ Explicit dependency on target 'CNIOExtrasZlib' in project 'swift-nio-extras'
        ➜ Explicit dependency on target 'NIO' in project 'swift-nio'
        ➜ Explicit dependency on target 'NIOCore' in project 'swift-nio'
        ➜ Explicit dependency on target 'NIOHTTP1' in project 'swift-nio'
    Target 'NIOHTTPCompression' in project 'swift-nio-extras'
        ➜ Explicit dependency on target 'CNIOExtrasZlib' in project 'swift-nio-extras'
        ➜ Explicit dependency on target 'NIO' in project 'swift-nio'
        ➜ Explicit dependency on target 'NIOCore' in project 'swift-nio'
        ➜ Explicit dependency on target 'NIOHTTP1' in project 'swift-nio'
    Target 'CNIOExtrasZlib' in project 'swift-nio-extras' (no dependencies)
    Target 'NIOSSL' in project 'swift-nio-ssl'
        ➜ Explicit dependency on target 'NIOSSL' in project 'swift-nio-ssl'
        ➜ Explicit dependency on target 'swift-nio-ssl_NIOSSL' in project 'swift-nio-ssl'
        ➜ Explicit dependency on target 'CNIOBoringSSL' in project 'swift-nio-ssl'
        ➜ Explicit dependency on target 'CNIOBoringSSLShims' in project 'swift-nio-ssl'
        ➜ Explicit dependency on target 'NIO' in project 'swift-nio'
        ➜ Explicit dependency on target 'NIOCore' in project 'swift-nio'
        ➜ Explicit dependency on target 'NIOConcurrencyHelpers' in project 'swift-nio'
        ➜ Explicit dependency on target 'NIOTLS' in project 'swift-nio'
    Target 'NIOSSL' in project 'swift-nio-ssl'
        ➜ Explicit dependency on target 'swift-nio-ssl_NIOSSL' in project 'swift-nio-ssl'
        ➜ Explicit dependency on target 'CNIOBoringSSL' in project 'swift-nio-ssl'
        ➜ Explicit dependency on target 'CNIOBoringSSLShims' in project 'swift-nio-ssl'
        ➜ Explicit dependency on target 'NIO' in project 'swift-nio'
        ➜ Explicit dependency on target 'NIOCore' in project 'swift-nio'
        ➜ Explicit dependency on target 'NIOConcurrencyHelpers' in project 'swift-nio'
        ➜ Explicit dependency on target 'NIOTLS' in project 'swift-nio'
    Target 'CNIOBoringSSLShims' in project 'swift-nio-ssl'
        ➜ Explicit dependency on target 'CNIOBoringSSL' in project 'swift-nio-ssl'
    Target 'CNIOBoringSSL' in project 'swift-nio-ssl' (no dependencies)
    Target 'swift-nio-ssl_NIOSSL' in project 'swift-nio-ssl' (no dependencies)
    Target 'NIOHTTP2' in project 'swift-nio-http2'
        ➜ Explicit dependency on target 'NIOHTTP2' in project 'swift-nio-http2'
        ➜ Explicit dependency on target 'NIOHPACK' in project 'swift-nio-http2'
        ➜ Explicit dependency on target 'NIO' in project 'swift-nio'
        ➜ Explicit dependency on target 'NIOCore' in project 'swift-nio'
        ➜ Explicit dependency on target 'NIOConcurrencyHelpers' in project 'swift-nio'
        ➜ Explicit dependency on target 'NIOHTTP1' in project 'swift-nio'
        ➜ Explicit dependency on target 'NIOTLS' in project 'swift-nio'
        ➜ Explicit dependency on target 'Atomics' in project 'swift-atomics'
    Target 'NIOHTTP2' in project 'swift-nio-http2'
        ➜ Explicit dependency on target 'NIOHPACK' in project 'swift-nio-http2'
        ➜ Explicit dependency on target 'NIO' in project 'swift-nio'
        ➜ Explicit dependency on target 'NIOCore' in project 'swift-nio'
        ➜ Explicit dependency on target 'NIOConcurrencyHelpers' in project 'swift-nio'
        ➜ Explicit dependency on target 'NIOHTTP1' in project 'swift-nio'
        ➜ Explicit dependency on target 'NIOTLS' in project 'swift-nio'
        ➜ Explicit dependency on target 'Atomics' in project 'swift-atomics'
    Target 'NIOHPACK' in project 'swift-nio-http2'
        ➜ Explicit dependency on target 'NIO' in project 'swift-nio'
        ➜ Explicit dependency on target 'NIOCore' in project 'swift-nio'
        ➜ Explicit dependency on target 'NIOConcurrencyHelpers' in project 'swift-nio'
        ➜ Explicit dependency on target 'NIOHTTP1' in project 'swift-nio'
    Target 'NIOConcurrencyHelpers' in project 'swift-nio'
        ➜ Explicit dependency on target 'NIOConcurrencyHelpers' in project 'swift-nio'
        ➜ Explicit dependency on target 'CNIOAtomics' in project 'swift-nio'
    Target 'NIOHTTP1' in project 'swift-nio'
        ➜ Explicit dependency on target 'NIOHTTP1' in project 'swift-nio'
        ➜ Explicit dependency on target 'CNIOAtomics' in project 'swift-nio'
        ➜ Explicit dependency on target 'NIOConcurrencyHelpers' in project 'swift-nio'
        ➜ Explicit dependency on target '_NIOBase64' in project 'swift-nio'
        ➜ Explicit dependency on target 'CNIOOpenBSD' in project 'swift-nio'
        ➜ Explicit dependency on target 'CNIODarwin' in project 'swift-nio'
        ➜ Explicit dependency on target 'CNIOLinux' in project 'swift-nio'
        ➜ Explicit dependency on target 'CNIOWindows' in project 'swift-nio'
        ➜ Explicit dependency on target 'CNIOWASI' in project 'swift-nio'
        ➜ Explicit dependency on target '_NIODataStructures' in project 'swift-nio'
        ➜ Explicit dependency on target 'NIOCore' in project 'swift-nio'
        ➜ Explicit dependency on target 'NIOEmbedded' in project 'swift-nio'
        ➜ Explicit dependency on target 'CNIOPosix' in project 'swift-nio'
        ➜ Explicit dependency on target 'NIOPosix' in project 'swift-nio'
        ➜ Explicit dependency on target 'NIO' in project 'swift-nio'
        ➜ Explicit dependency on target 'CNIOLLHTTP' in project 'swift-nio'
        ➜ Explicit dependency on target 'DequeModule' in project 'swift-collections'
        ➜ Explicit dependency on target 'Atomics' in project 'swift-atomics'
    Target 'NIOHTTP1' in project 'swift-nio'
        ➜ Explicit dependency on target 'CNIOAtomics' in project 'swift-nio'
        ➜ Explicit dependency on target 'NIOConcurrencyHelpers' in project 'swift-nio'
        ➜ Explicit dependency on target '_NIOBase64' in project 'swift-nio'
        ➜ Explicit dependency on target 'CNIOOpenBSD' in project 'swift-nio'
        ➜ Explicit dependency on target 'CNIODarwin' in project 'swift-nio'
        ➜ Explicit dependency on target 'CNIOLinux' in project 'swift-nio'
        ➜ Explicit dependency on target 'CNIOWindows' in project 'swift-nio'
        ➜ Explicit dependency on target 'CNIOWASI' in project 'swift-nio'
        ➜ Explicit dependency on target '_NIODataStructures' in project 'swift-nio'
        ➜ Explicit dependency on target 'NIOCore' in project 'swift-nio'
        ➜ Explicit dependency on target 'NIOEmbedded' in project 'swift-nio'
        ➜ Explicit dependency on target 'CNIOPosix' in project 'swift-nio'
        ➜ Explicit dependency on target 'NIOPosix' in project 'swift-nio'
        ➜ Explicit dependency on target 'NIO' in project 'swift-nio'
        ➜ Explicit dependency on target 'CNIOLLHTTP' in project 'swift-nio'
        ➜ Explicit dependency on target 'DequeModule' in project 'swift-collections'
        ➜ Explicit dependency on target 'Atomics' in project 'swift-atomics'
    Target 'CNIOLLHTTP' in project 'swift-nio' (no dependencies)
    Target 'NIOPosix' in project 'swift-nio'
        ➜ Explicit dependency on target 'NIOPosix' in project 'swift-nio'
        ➜ Explicit dependency on target 'swift-nio_NIOPosix' in project 'swift-nio'
        ➜ Explicit dependency on target 'CNIOOpenBSD' in project 'swift-nio'
        ➜ Explicit dependency on target 'CNIOLinux' in project 'swift-nio'
        ➜ Explicit dependency on target 'CNIODarwin' in project 'swift-nio'
        ➜ Explicit dependency on target 'CNIOWindows' in project 'swift-nio'
        ➜ Explicit dependency on target 'CNIOAtomics' in project 'swift-nio'
        ➜ Explicit dependency on target 'NIOConcurrencyHelpers' in project 'swift-nio'
        ➜ Explicit dependency on target '_NIOBase64' in project 'swift-nio'
        ➜ Explicit dependency on target 'CNIOWASI' in project 'swift-nio'
        ➜ Explicit dependency on target '_NIODataStructures' in project 'swift-nio'
        ➜ Explicit dependency on target 'NIOCore' in project 'swift-nio'
        ➜ Explicit dependency on target 'CNIOPosix' in project 'swift-nio'
        ➜ Explicit dependency on target 'DequeModule' in project 'swift-collections'
        ➜ Explicit dependency on target 'Atomics' in project 'swift-atomics'
    Target 'NIOCore' in project 'swift-nio'
        ➜ Explicit dependency on target 'NIOCore' in project 'swift-nio'
        ➜ Explicit dependency on target 'CNIOAtomics' in project 'swift-nio'
        ➜ Explicit dependency on target 'NIOConcurrencyHelpers' in project 'swift-nio'
        ➜ Explicit dependency on target '_NIOBase64' in project 'swift-nio'
        ➜ Explicit dependency on target 'CNIOOpenBSD' in project 'swift-nio'
        ➜ Explicit dependency on target 'CNIODarwin' in project 'swift-nio'
        ➜ Explicit dependency on target 'CNIOLinux' in project 'swift-nio'
        ➜ Explicit dependency on target 'CNIOWindows' in project 'swift-nio'
        ➜ Explicit dependency on target 'CNIOWASI' in project 'swift-nio'
        ➜ Explicit dependency on target '_NIODataStructures' in project 'swift-nio'
        ➜ Explicit dependency on target 'DequeModule' in project 'swift-collections'
        ➜ Explicit dependency on target 'Atomics' in project 'swift-atomics'
    Target 'NIOTLS' in project 'swift-nio'
        ➜ Explicit dependency on target 'NIOTLS' in project 'swift-nio'
        ➜ Explicit dependency on target 'CNIOAtomics' in project 'swift-nio'
        ➜ Explicit dependency on target 'NIOConcurrencyHelpers' in project 'swift-nio'
        ➜ Explicit dependency on target '_NIOBase64' in project 'swift-nio'
        ➜ Explicit dependency on target 'CNIOOpenBSD' in project 'swift-nio'
        ➜ Explicit dependency on target 'CNIODarwin' in project 'swift-nio'
        ➜ Explicit dependency on target 'CNIOLinux' in project 'swift-nio'
        ➜ Explicit dependency on target 'CNIOWindows' in project 'swift-nio'
        ➜ Explicit dependency on target 'CNIOWASI' in project 'swift-nio'
        ➜ Explicit dependency on target '_NIODataStructures' in project 'swift-nio'
        ➜ Explicit dependency on target 'NIOCore' in project 'swift-nio'
        ➜ Explicit dependency on target 'NIOEmbedded' in project 'swift-nio'
        ➜ Explicit dependency on target 'CNIOPosix' in project 'swift-nio'
        ➜ Explicit dependency on target 'NIOPosix' in project 'swift-nio'
        ➜ Explicit dependency on target 'NIO' in project 'swift-nio'
        ➜ Explicit dependency on target 'DequeModule' in project 'swift-collections'
        ➜ Explicit dependency on target 'Atomics' in project 'swift-atomics'
    Target 'NIOTLS' in project 'swift-nio'
        ➜ Explicit dependency on target 'CNIOAtomics' in project 'swift-nio'
        ➜ Explicit dependency on target 'NIOConcurrencyHelpers' in project 'swift-nio'
        ➜ Explicit dependency on target '_NIOBase64' in project 'swift-nio'
        ➜ Explicit dependency on target 'CNIOOpenBSD' in project 'swift-nio'
        ➜ Explicit dependency on target 'CNIODarwin' in project 'swift-nio'
        ➜ Explicit dependency on target 'CNIOLinux' in project 'swift-nio'
        ➜ Explicit dependency on target 'CNIOWindows' in project 'swift-nio'
        ➜ Explicit dependency on target 'CNIOWASI' in project 'swift-nio'
        ➜ Explicit dependency on target '_NIODataStructures' in project 'swift-nio'
        ➜ Explicit dependency on target 'NIOCore' in project 'swift-nio'
        ➜ Explicit dependency on target 'NIOEmbedded' in project 'swift-nio'
        ➜ Explicit dependency on target 'CNIOPosix' in project 'swift-nio'
        ➜ Explicit dependency on target 'NIOPosix' in project 'swift-nio'
        ➜ Explicit dependency on target 'NIO' in project 'swift-nio'
        ➜ Explicit dependency on target 'DequeModule' in project 'swift-collections'
        ➜ Explicit dependency on target 'Atomics' in project 'swift-atomics'
    Target 'NIO' in project 'swift-nio'
        ➜ Explicit dependency on target 'NIO' in project 'swift-nio'
        ➜ Explicit dependency on target 'CNIOAtomics' in project 'swift-nio'
        ➜ Explicit dependency on target 'NIOConcurrencyHelpers' in project 'swift-nio'
        ➜ Explicit dependency on target '_NIOBase64' in project 'swift-nio'
        ➜ Explicit dependency on target 'CNIOOpenBSD' in project 'swift-nio'
        ➜ Explicit dependency on target 'CNIODarwin' in project 'swift-nio'
        ➜ Explicit dependency on target 'CNIOLinux' in project 'swift-nio'
        ➜ Explicit dependency on target 'CNIOWindows' in project 'swift-nio'
        ➜ Explicit dependency on target 'CNIOWASI' in project 'swift-nio'
        ➜ Explicit dependency on target '_NIODataStructures' in project 'swift-nio'
        ➜ Explicit dependency on target 'NIOCore' in project 'swift-nio'
        ➜ Explicit dependency on target 'NIOEmbedded' in project 'swift-nio'
        ➜ Explicit dependency on target 'CNIOPosix' in project 'swift-nio'
        ➜ Explicit dependency on target 'NIOPosix' in project 'swift-nio'
        ➜ Explicit dependency on target 'DequeModule' in project 'swift-collections'
        ➜ Explicit dependency on target 'Atomics' in project 'swift-atomics'
    Target 'NIO' in project 'swift-nio'
        ➜ Explicit dependency on target 'CNIOAtomics' in project 'swift-nio'
        ➜ Explicit dependency on target 'NIOConcurrencyHelpers' in project 'swift-nio'
        ➜ Explicit dependency on target '_NIOBase64' in project 'swift-nio'
        ➜ Explicit dependency on target 'CNIOOpenBSD' in project 'swift-nio'
        ➜ Explicit dependency on target 'CNIODarwin' in project 'swift-nio'
        ➜ Explicit dependency on target 'CNIOLinux' in project 'swift-nio'
        ➜ Explicit dependency on target 'CNIOWindows' in project 'swift-nio'
        ➜ Explicit dependency on target 'CNIOWASI' in project 'swift-nio'
        ➜ Explicit dependency on target '_NIODataStructures' in project 'swift-nio'
        ➜ Explicit dependency on target 'NIOCore' in project 'swift-nio'
        ➜ Explicit dependency on target 'NIOEmbedded' in project 'swift-nio'
        ➜ Explicit dependency on target 'CNIOPosix' in project 'swift-nio'
        ➜ Explicit dependency on target 'NIOPosix' in project 'swift-nio'
        ➜ Explicit dependency on target 'DequeModule' in project 'swift-collections'
        ➜ Explicit dependency on target 'Atomics' in project 'swift-atomics'
    Target 'NIOPosix' in project 'swift-nio'
        ➜ Explicit dependency on target 'swift-nio_NIOPosix' in project 'swift-nio'
        ➜ Explicit dependency on target 'CNIOOpenBSD' in project 'swift-nio'
        ➜ Explicit dependency on target 'CNIOLinux' in project 'swift-nio'
        ➜ Explicit dependency on target 'CNIODarwin' in project 'swift-nio'
        ➜ Explicit dependency on target 'CNIOWindows' in project 'swift-nio'
        ➜ Explicit dependency on target 'CNIOAtomics' in project 'swift-nio'
        ➜ Explicit dependency on target 'NIOConcurrencyHelpers' in project 'swift-nio'
        ➜ Explicit dependency on target '_NIOBase64' in project 'swift-nio'
        ➜ Explicit dependency on target 'CNIOWASI' in project 'swift-nio'
        ➜ Explicit dependency on target '_NIODataStructures' in project 'swift-nio'
        ➜ Explicit dependency on target 'NIOCore' in project 'swift-nio'
        ➜ Explicit dependency on target 'CNIOPosix' in project 'swift-nio'
        ➜ Explicit dependency on target 'DequeModule' in project 'swift-collections'
        ➜ Explicit dependency on target 'Atomics' in project 'swift-atomics'
    Target 'swift-nio_NIOPosix' in project 'swift-nio' (no dependencies)
    Target 'CNIOPosix' in project 'swift-nio' (no dependencies)
    Target 'NIOEmbedded' in project 'swift-nio'
        ➜ Explicit dependency on target 'CNIOAtomics' in project 'swift-nio'
        ➜ Explicit dependency on target 'NIOConcurrencyHelpers' in project 'swift-nio'
        ➜ Explicit dependency on target '_NIOBase64' in project 'swift-nio'
        ➜ Explicit dependency on target 'CNIOOpenBSD' in project 'swift-nio'
        ➜ Explicit dependency on target 'CNIODarwin' in project 'swift-nio'
        ➜ Explicit dependency on target 'CNIOLinux' in project 'swift-nio'
        ➜ Explicit dependency on target 'CNIOWindows' in project 'swift-nio'
        ➜ Explicit dependency on target 'CNIOWASI' in project 'swift-nio'
        ➜ Explicit dependency on target '_NIODataStructures' in project 'swift-nio'
        ➜ Explicit dependency on target 'NIOCore' in project 'swift-nio'
        ➜ Explicit dependency on target 'DequeModule' in project 'swift-collections'
        ➜ Explicit dependency on target 'Atomics' in project 'swift-atomics'
    Target 'NIOCore' in project 'swift-nio'
        ➜ Explicit dependency on target 'CNIOAtomics' in project 'swift-nio'
        ➜ Explicit dependency on target 'NIOConcurrencyHelpers' in project 'swift-nio'
        ➜ Explicit dependency on target '_NIOBase64' in project 'swift-nio'
        ➜ Explicit dependency on target 'CNIOOpenBSD' in project 'swift-nio'
        ➜ Explicit dependency on target 'CNIODarwin' in project 'swift-nio'
        ➜ Explicit dependency on target 'CNIOLinux' in project 'swift-nio'
        ➜ Explicit dependency on target 'CNIOWindows' in project 'swift-nio'
        ➜ Explicit dependency on target 'CNIOWASI' in project 'swift-nio'
        ➜ Explicit dependency on target '_NIODataStructures' in project 'swift-nio'
        ➜ Explicit dependency on target 'DequeModule' in project 'swift-collections'
        ➜ Explicit dependency on target 'Atomics' in project 'swift-atomics'
    Target 'Atomics' in project 'swift-atomics'
        ➜ Explicit dependency on target 'Atomics' in project 'swift-atomics'
        ➜ Explicit dependency on target '_AtomicsShims' in project 'swift-atomics'
    Target 'Atomics' in project 'swift-atomics'
        ➜ Explicit dependency on target '_AtomicsShims' in project 'swift-atomics'
    Target '_AtomicsShims' in project 'swift-atomics' (no dependencies)
    Target 'DequeModule' in project 'swift-collections'
        ➜ Explicit dependency on target 'DequeModule' in project 'swift-collections'
        ➜ Explicit dependency on target 'InternalCollectionsUtilities' in project 'swift-collections'
    Target 'DequeModule' in project 'swift-collections'
        ➜ Explicit dependency on target 'InternalCollectionsUtilities' in project 'swift-collections'
    Target 'InternalCollectionsUtilities' in project 'swift-collections' (no dependencies)
    Target '_NIODataStructures' in project 'swift-nio' (no dependencies)
    Target 'CNIOWASI' in project 'swift-nio' (no dependencies)
    Target 'CNIOWindows' in project 'swift-nio' (no dependencies)
    Target 'CNIOLinux' in project 'swift-nio' (no dependencies)
    Target 'CNIODarwin' in project 'swift-nio' (no dependencies)
    Target 'CNIOOpenBSD' in project 'swift-nio' (no dependencies)
    Target '_NIOBase64' in project 'swift-nio' (no dependencies)
    Target 'NIOConcurrencyHelpers' in project 'swift-nio'
        ➜ Explicit dependency on target 'CNIOAtomics' in project 'swift-nio'
    Target 'CNIOAtomics' in project 'swift-nio' (no dependencies)
    Target 'CAsyncHTTPClient' in project 'async-http-client' (no dependencies)
    Target 'AppwriteModels' in project 'Appwrite'
        ➜ Explicit dependency on target 'AppwriteEnums' in project 'Appwrite'
        ➜ Explicit dependency on target 'JSONCodable' in project 'Appwrite'
    Target 'JSONCodable' in project 'Appwrite' (no dependencies)
    Target 'AppwriteEnums' in project 'Appwrite' (no dependencies)

GatherProvisioningInputs

CreateBuildDescription
